--------------------------------------------------------------------------------------
Timing Analyzer Summary
--------------------------------------------------------------------------------------

Type           : Worst-case tsu
Slack          : N/A
Required Time  : None
Actual Time    : 11.718 ns
From           : Q_in[0]
To             : ParalelRegister:RegisterQ|REG[37]
From Clock     : --
To Clock       : clk
Failed Paths   : 0

Type           : Worst-case tco
Slack          : N/A
Required Time  : None
Actual Time    : 17.317 ns
From           : RegisterSerialkekiri:RegisterOutput|Q[1]
To             : out_operasi_fix[36]
From Clock     : clk
To Clock       : --
Failed Paths   : 0

Type           : Worst-case tpd
Slack          : N/A
Required Time  : None
Actual Time    : 17.887 ns
From           : Q_in[40]
To             : out_operasi_fix[36]
From Clock     : --
To Clock       : --
Failed Paths   : 0

Type           : Worst-case th
Slack          : N/A
Required Time  : None
Actual Time    : 0.169 ns
From           : Q_in[27]
To             : ParalelRegister:RegisterQ|REG[27]
From Clock     : --
To Clock       : clk
Failed Paths   : 0

Type           : Clock Setup: 'clk'
Slack          : N/A
Required Time  : None
Actual Time    : 35.74 MHz ( period = 27.978 ns )
From           : ParalelRegister:RegisterR|REG[2]
To             : comparatorreal:ComparatorRS|comp
From Clock     : clk
To Clock       : clk
Failed Paths   : 0

Type           : Clock Hold: 'clk'
Slack          : Not operational: Clock Skew > Data Delay
Required Time  : None
Actual Time    : N/A
From           : RegisterSerial:RegisterSerialS|Q[16]
To             : AdderSubtractor:Subtractor|FSM:FSM_AdderSubtractor|Q[16]
From Clock     : clk
To Clock       : clk
Failed Paths   : 160

Type           : Total number of failed paths
Slack          : 
Required Time  : 
Actual Time    : 
From           : 
To             : 
From Clock     : 
To Clock       : 
Failed Paths   : 160

--------------------------------------------------------------------------------------

