Analysis & Synthesis report for Multiplication
Sat Nov 25 20:11:30 2023
Quartus II Version 9.1 Build 350 03/24/2010 Service Pack 2 SJ Web Edition


---------------------
; Table of Contents ;
---------------------
  1. Legal Notice
  2. Analysis & Synthesis Summary
  3. Analysis & Synthesis Settings
  4. Parallel Compilation
  5. Analysis & Synthesis Source Files Read
  6. Analysis & Synthesis Resource Usage Summary
  7. Analysis & Synthesis Resource Utilization by Entity
  8. State Machine - |Multiplication|AdderSubtractor:AddSub|adderFSM:AdderFSMBlok|state
  9. State Machine - |Multiplication|AdderSubtractor:AddSub|FSM:FSM_AdderSubtractor|state
 10. State Machine - |Multiplication|FSM_Multi:control|cState
 11. Registers Removed During Synthesis
 12. Removed Registers Triggering Further Register Optimizations
 13. General Register Statistics
 14. Multiplexer Restructuring Statistics (Restructuring Performed)
 15. Parameter Settings for User Entity Instance: Top-level Entity: |Multiplication
 16. Parameter Settings for User Entity Instance: multiplexer:MuxAcc
 17. Parameter Settings for User Entity Instance: multiplexer:MuxRegQ
 18. Parameter Settings for User Entity Instance: ParalelRegister:reg_p
 19. Parameter Settings for User Entity Instance: ParalelRegisterQ:reg_q
 20. Parameter Settings for User Entity Instance: ParalelRegister:reg_acc
 21. Parameter Settings for User Entity Instance: AdderSubtractor:AddSub
 22. Parameter Settings for User Entity Instance: AdderSubtractor:AddSub|FSM:FSM_AdderSubtractor
 23. Parameter Settings for User Entity Instance: AdderSubtractor:AddSub|FSM:FSM_AdderSubtractor|mux21:OUTP
 24. Parameter Settings for User Entity Instance: AdderSubtractor:AddSub|FSM:FSM_AdderSubtractor|mux21:OUTQ
 25. Parameter Settings for User Entity Instance: AdderSubtractor:AddSub|FSM:FSM_AdderSubtractor|S2Comp:COMP_P
 26. Parameter Settings for User Entity Instance: AdderSubtractor:AddSub|FSM:FSM_AdderSubtractor|S2Comp:COMP_Q
 27. Parameter Settings for User Entity Instance: AdderSubtractor:AddSub|adderFSM:AdderFSMBlok
 28. Parameter Settings for User Entity Instance: AdderSubtractor:AddSub|adderFSM:AdderFSMBlok|RegisterSerial:RegA
 29. Parameter Settings for User Entity Instance: AdderSubtractor:AddSub|adderFSM:AdderFSMBlok|RegisterSerial:RegB
 30. Parameter Settings for User Entity Instance: AdderSubtractor:AddSub|adderFSM:AdderFSMBlok|RegisterSerial:RegS
 31. Parameter Settings for User Entity Instance: arsShifter:ArsShift
 32. Parameter Settings for User Entity Instance: outFinal:OutputFinal
 33. Port Connectivity Checks: "AdderSubtractor:AddSub|adderFSM:AdderFSMBlok|RegisterSerial:RegS"
 34. Port Connectivity Checks: "AdderSubtractor:AddSub|adderFSM:AdderFSMBlok|RegisterSerial:RegB"
 35. Port Connectivity Checks: "AdderSubtractor:AddSub|adderFSM:AdderFSMBlok|RegisterSerial:RegA"
 36. Port Connectivity Checks: "AdderSubtractor:AddSub|adderFSM:AdderFSMBlok"
 37. Port Connectivity Checks: "multiplexer:MuxRegQ"
 38. Analysis & Synthesis Messages



----------------
; Legal Notice ;
----------------
Copyright (C) 1991-2010 Altera Corporation
Your use of Altera Corporation's design tools, logic functions 
and other software and tools, and its AMPP partner logic 
functions, and any output files from any of the foregoing 
(including device programming or simulation files), and any 
associated documentation or information are expressly subject 
to the terms and conditions of the Altera Program License 
Subscription Agreement, Altera MegaCore Function License 
Agreement, or other applicable license agreement, including, 
without limitation, that your use is for the sole purpose of 
programming logic devices manufactured by Altera and sold by 
Altera or its authorized distributors.  Please refer to the 
applicable agreement for further details.



+-----------------------------------------------------------------------------------+
; Analysis & Synthesis Summary                                                      ;
+------------------------------------+----------------------------------------------+
; Analysis & Synthesis Status        ; Successful - Sat Nov 25 20:11:30 2023        ;
; Quartus II Version                 ; 9.1 Build 350 03/24/2010 SP 2 SJ Web Edition ;
; Revision Name                      ; Multiplication                               ;
; Top-level Entity Name              ; Multiplication                               ;
; Family                             ; Cyclone II                                   ;
; Total logic elements               ; 0                                            ;
;     Total combinational functions  ; 0                                            ;
;     Dedicated logic registers      ; 0                                            ;
; Total registers                    ; 0                                            ;
; Total pins                         ; 162                                          ;
; Total virtual pins                 ; 0                                            ;
; Total memory bits                  ; 0                                            ;
; Embedded Multiplier 9-bit elements ; 0                                            ;
; Total PLLs                         ; 0                                            ;
+------------------------------------+----------------------------------------------+


+----------------------------------------------------------------------------------------------------------------------+
; Analysis & Synthesis Settings                                                                                        ;
+----------------------------------------------------------------------------+--------------------+--------------------+
; Option                                                                     ; Setting            ; Default Value      ;
+----------------------------------------------------------------------------+--------------------+--------------------+
; Device                                                                     ; EP2C20F484C7       ;                    ;
; Top-level entity name                                                      ; Multiplication     ; Multiplication     ;
; Family name                                                                ; Cyclone II         ; Stratix II         ;
; Use Generated Physical Constraints File                                    ; Off                ;                    ;
; Use smart compilation                                                      ; Off                ; Off                ;
; Enable parallel Assembler and TimeQuest Timing Analyzer during compilation ; On                 ; On                 ;
; Enable compact report table                                                ; Off                ; Off                ;
; Restructure Multiplexers                                                   ; Auto               ; Auto               ;
; Create Debugging Nodes for IP Cores                                        ; Off                ; Off                ;
; Preserve fewer node names                                                  ; On                 ; On                 ;
; Disable OpenCore Plus hardware evaluation                                  ; Off                ; Off                ;
; Verilog Version                                                            ; Verilog_2001       ; Verilog_2001       ;
; VHDL Version                                                               ; VHDL_1993          ; VHDL_1993          ;
; State Machine Processing                                                   ; Auto               ; Auto               ;
; Safe State Machine                                                         ; Off                ; Off                ;
; Extract Verilog State Machines                                             ; On                 ; On                 ;
; Extract VHDL State Machines                                                ; On                 ; On                 ;
; Ignore Verilog initial constructs                                          ; Off                ; Off                ;
; Iteration limit for constant Verilog loops                                 ; 5000               ; 5000               ;
; Iteration limit for non-constant Verilog loops                             ; 250                ; 250                ;
; Add Pass-Through Logic to Inferred RAMs                                    ; On                 ; On                 ;
; Parallel Synthesis                                                         ; On                 ; On                 ;
; DSP Block Balancing                                                        ; Auto               ; Auto               ;
; NOT Gate Push-Back                                                         ; On                 ; On                 ;
; Power-Up Don't Care                                                        ; On                 ; On                 ;
; Remove Redundant Logic Cells                                               ; Off                ; Off                ;
; Remove Duplicate Registers                                                 ; On                 ; On                 ;
; Ignore CARRY Buffers                                                       ; Off                ; Off                ;
; Ignore CASCADE Buffers                                                     ; Off                ; Off                ;
; Ignore GLOBAL Buffers                                                      ; Off                ; Off                ;
; Ignore ROW GLOBAL Buffers                                                  ; Off                ; Off                ;
; Ignore LCELL Buffers                                                       ; Off                ; Off                ;
; Ignore SOFT Buffers                                                        ; On                 ; On                 ;
; Limit AHDL Integers to 32 Bits                                             ; Off                ; Off                ;
; Optimization Technique                                                     ; Balanced           ; Balanced           ;
; Carry Chain Length                                                         ; 70                 ; 70                 ;
; Auto Carry Chains                                                          ; On                 ; On                 ;
; Auto Open-Drain Pins                                                       ; On                 ; On                 ;
; Perform WYSIWYG Primitive Resynthesis                                      ; Off                ; Off                ;
; Auto ROM Replacement                                                       ; On                 ; On                 ;
; Auto RAM Replacement                                                       ; On                 ; On                 ;
; Auto Shift Register Replacement                                            ; Auto               ; Auto               ;
; Auto Clock Enable Replacement                                              ; On                 ; On                 ;
; Strict RAM Replacement                                                     ; Off                ; Off                ;
; Allow Synchronous Control Signals                                          ; On                 ; On                 ;
; Force Use of Synchronous Clear Signals                                     ; Off                ; Off                ;
; Auto RAM to Logic Cell Conversion                                          ; Off                ; Off                ;
; Auto Resource Sharing                                                      ; Off                ; Off                ;
; Allow Any RAM Size For Recognition                                         ; Off                ; Off                ;
; Allow Any ROM Size For Recognition                                         ; Off                ; Off                ;
; Allow Any Shift Register Size For Recognition                              ; Off                ; Off                ;
; Use LogicLock Constraints during Resource Balancing                        ; On                 ; On                 ;
; Ignore translate_off and synthesis_off directives                          ; Off                ; Off                ;
; Timing-Driven Synthesis                                                    ; Off                ; Off                ;
; Show Parameter Settings Tables in Synthesis Report                         ; On                 ; On                 ;
; Ignore Maximum Fan-Out Assignments                                         ; Off                ; Off                ;
; Synchronization Register Chain Length                                      ; 2                  ; 2                  ;
; PowerPlay Power Optimization                                               ; Normal compilation ; Normal compilation ;
; HDL message level                                                          ; Level2             ; Level2             ;
; Suppress Register Optimization Related Messages                            ; Off                ; Off                ;
; Number of Removed Registers Reported in Synthesis Report                   ; 5000               ; 5000               ;
; Number of Inverted Registers Reported in Synthesis Report                  ; 100                ; 100                ;
; Clock MUX Protection                                                       ; On                 ; On                 ;
; Auto Gated Clock Conversion                                                ; Off                ; Off                ;
; Block Design Naming                                                        ; Auto               ; Auto               ;
; SDC constraint protection                                                  ; Off                ; Off                ;
; Synthesis Effort                                                           ; Auto               ; Auto               ;
; Shift Register Replacement - Allow Asynchronous Clear Signal               ; On                 ; On                 ;
; Analysis & Synthesis Message Level                                         ; Medium             ; Medium             ;
; Disable Register Merging Across Hierarchies                                ; Auto               ; Auto               ;
; Resource Aware Inference For Block RAM                                     ; On                 ; On                 ;
+----------------------------------------------------------------------------+--------------------+--------------------+


Parallel compilation was disabled, but you have multiple processors available. Enable parallel compilation to reduce compilation time.
+-------------------------------------+
; Parallel Compilation                ;
+----------------------------+--------+
; Processors                 ; Number ;
+----------------------------+--------+
; Number detected on machine ; 16     ;
; Maximum allowed            ; 1      ;
+----------------------------+--------+


+-----------------------------------------------------------------------------------------------------------------------------------------------------------------------------------------------------------------------------------------+
; Analysis & Synthesis Source Files Read                                                                                                                                                                                                  ;
+--------------------------------------------------------+-----------------+-----------------+--------------------------------------------------------------------------------------------------------------------------------------------+
; File Name with User-Entered Path                       ; Used in Netlist ; File Type       ; File Name with Absolute Path                                                                                                               ;
+--------------------------------------------------------+-----------------+-----------------+--------------------------------------------------------------------------------------------------------------------------------------------+
; ../fsmMulti/FSM_Multi.vhd                              ; yes             ; User VHDL File  ; C:/Users/sjohn/OneDrive - Institut Teknologi Bandung/Keperluan Kuliah/LDTE/Tugas Besar/fsmMulti/FSM_Multi.vhd                              ;
; ../multiplexer/multiplexer.vhd                         ; yes             ; User VHDL File  ; C:/Users/sjohn/OneDrive - Institut Teknologi Bandung/Keperluan Kuliah/LDTE/Tugas Besar/multiplexer/multiplexer.vhd                         ;
; ../Output Finalization/Output_Finalization.vhd         ; yes             ; User VHDL File  ; C:/Users/sjohn/OneDrive - Institut Teknologi Bandung/Keperluan Kuliah/LDTE/Tugas Besar/Output Finalization/Output_Finalization.vhd         ;
; ../Register Pararel/ParalelRegister.vhd                ; yes             ; User VHDL File  ; C:/Users/sjohn/OneDrive - Institut Teknologi Bandung/Keperluan Kuliah/LDTE/Tugas Besar/Register Pararel/ParalelRegister.vhd                ;
; ../AdderSubtractor/AdderSubtractor/adderFSM.vhd        ; yes             ; User VHDL File  ; C:/Users/sjohn/OneDrive - Institut Teknologi Bandung/Keperluan Kuliah/LDTE/Tugas Besar/AdderSubtractor/AdderSubtractor/adderFSM.vhd        ;
; ../AdderSubtractor/AdderSubtractor/AdderSubtractor.vhd ; yes             ; User VHDL File  ; C:/Users/sjohn/OneDrive - Institut Teknologi Bandung/Keperluan Kuliah/LDTE/Tugas Besar/AdderSubtractor/AdderSubtractor/AdderSubtractor.vhd ;
; ../AdderSubtractor/AdderSubtractor/FSM.vhd             ; yes             ; User VHDL File  ; C:/Users/sjohn/OneDrive - Institut Teknologi Bandung/Keperluan Kuliah/LDTE/Tugas Besar/AdderSubtractor/AdderSubtractor/FSM.vhd             ;
; ../AdderSubtractor/AdderSubtractor/mux21.vhd           ; yes             ; User VHDL File  ; C:/Users/sjohn/OneDrive - Institut Teknologi Bandung/Keperluan Kuliah/LDTE/Tugas Besar/AdderSubtractor/AdderSubtractor/mux21.vhd           ;
; ../AdderSubtractor/AdderSubtractor/RegisterSerial.vhd  ; yes             ; User VHDL File  ; C:/Users/sjohn/OneDrive - Institut Teknologi Bandung/Keperluan Kuliah/LDTE/Tugas Besar/AdderSubtractor/AdderSubtractor/RegisterSerial.vhd  ;
; ../AdderSubtractor/AdderSubtractor/S2Comp.vhd          ; yes             ; User VHDL File  ; C:/Users/sjohn/OneDrive - Institut Teknologi Bandung/Keperluan Kuliah/LDTE/Tugas Besar/AdderSubtractor/AdderSubtractor/S2Comp.vhd          ;
; ../ArsShifter/arsShifter.vhd                           ; yes             ; User VHDL File  ; C:/Users/sjohn/OneDrive - Institut Teknologi Bandung/Keperluan Kuliah/LDTE/Tugas Besar/ArsShifter/arsShifter.vhd                           ;
; Multiplication.vhd                                     ; yes             ; User VHDL File  ; C:/Users/sjohn/OneDrive - Institut Teknologi Bandung/Keperluan Kuliah/LDTE/Tugas Besar/Multiplication/Multiplication.vhd                   ;
; ParalelRegister1.vhd                                   ; yes             ; User VHDL File  ; C:/Users/sjohn/OneDrive - Institut Teknologi Bandung/Keperluan Kuliah/LDTE/Tugas Besar/Multiplication/ParalelRegister1.vhd                 ;
+--------------------------------------------------------+-----------------+-----------------+--------------------------------------------------------------------------------------------------------------------------------------------+


+-----------------------------------------------------+
; Analysis & Synthesis Resource Usage Summary         ;
+---------------------------------------------+-------+
; Resource                                    ; Usage ;
+---------------------------------------------+-------+
;                                             ;       ;
; Total combinational functions               ; 0     ;
; Logic element usage by number of LUT inputs ;       ;
;     -- 4 input functions                    ; 0     ;
;     -- 3 input functions                    ; 0     ;
;     -- <=2 input functions                  ; 0     ;
;                                             ;       ;
; Logic elements by mode                      ;       ;
;     -- normal mode                          ; 0     ;
;     -- arithmetic mode                      ; 0     ;
;                                             ;       ;
; Total registers                             ; 0     ;
;     -- Dedicated logic registers            ; 0     ;
;     -- I/O registers                        ; 0     ;
;                                             ;       ;
; I/O pins                                    ; 162   ;
+---------------------------------------------+-------+


+-----------------------------------------------------------------------------------------------------------------------------------------------------------------------------+
; Analysis & Synthesis Resource Utilization by Entity                                                                                                                         ;
+----------------------------+-------------------+--------------+-------------+--------------+---------+-----------+------+--------------+---------------------+--------------+
; Compilation Hierarchy Node ; LC Combinationals ; LC Registers ; Memory Bits ; DSP Elements ; DSP 9x9 ; DSP 18x18 ; Pins ; Virtual Pins ; Full Hierarchy Name ; Library Name ;
+----------------------------+-------------------+--------------+-------------+--------------+---------+-----------+------+--------------+---------------------+--------------+
; |Multiplication            ; 0 (0)             ; 0 (0)        ; 0           ; 0            ; 0       ; 0         ; 162  ; 0            ; |Multiplication     ; work         ;
+----------------------------+-------------------+--------------+-------------+--------------+---------+-----------+------+--------------+---------------------+--------------+
Note: For table entries with two numbers listed, the numbers in parentheses indicate the number of resources of the given type used by the specific entity alone. The numbers listed outside of parentheses indicate the total resources of the given type used by the specific entity and all of its sub-entities in the hierarchy.


Encoding Type:  One-Hot
+---------------------------------------------------------------------------------------+
; State Machine - |Multiplication|AdderSubtractor:AddSub|adderFSM:AdderFSMBlok|state    ;
+--------------------+--------------------+------------+---------+---------+------------+
; Name               ; state.doneWithCary ; state.done ; state.H ; state.G ; state.init ;
+--------------------+--------------------+------------+---------+---------+------------+
; state.init         ; 0                  ; 0          ; 0       ; 0       ; 0          ;
; state.G            ; 0                  ; 0          ; 0       ; 1       ; 1          ;
; state.H            ; 0                  ; 0          ; 1       ; 0       ; 1          ;
; state.done         ; 0                  ; 1          ; 0       ; 0       ; 1          ;
; state.doneWithCary ; 1                  ; 0          ; 0       ; 0       ; 1          ;
+--------------------+--------------------+------------+---------+---------+------------+


Encoding Type:  One-Hot
+---------------------------------------------------------------------------------------------------------------------------+
; State Machine - |Multiplication|AdderSubtractor:AddSub|FSM:FSM_AdderSubtractor|state                                      ;
+------------------+------------+------------------+----------+----------+----------+----------+---------------+------------+
; Name             ; state.done ; state.wait_adder ; state.s4 ; state.s3 ; state.s2 ; state.s1 ; state.compare ; state.init ;
+------------------+------------+------------------+----------+----------+----------+----------+---------------+------------+
; state.init       ; 0          ; 0                ; 0        ; 0        ; 0        ; 0        ; 0             ; 0          ;
; state.compare    ; 0          ; 0                ; 0        ; 0        ; 0        ; 0        ; 1             ; 1          ;
; state.s1         ; 0          ; 0                ; 0        ; 0        ; 0        ; 1        ; 0             ; 1          ;
; state.s2         ; 0          ; 0                ; 0        ; 0        ; 1        ; 0        ; 0             ; 1          ;
; state.s3         ; 0          ; 0                ; 0        ; 1        ; 0        ; 0        ; 0             ; 1          ;
; state.s4         ; 0          ; 0                ; 1        ; 0        ; 0        ; 0        ; 0             ; 1          ;
; state.wait_adder ; 0          ; 1                ; 0        ; 0        ; 0        ; 0        ; 0             ; 1          ;
; state.done       ; 1          ; 0                ; 0        ; 0        ; 0        ; 0        ; 0             ; 1          ;
+------------------+------------+------------------+----------+----------+----------+----------+---------------+------------+


Encoding Type:  One-Hot
+------------------------------------------------------------------------------------------------------------------------------------------------------------------------------------+
; State Machine - |Multiplication|FSM_Multi:control|cState                                                                                                                           ;
+-----------+----------+----------+----------+----------+-----------+-----------+----------+----------+----------+----------+----------+----------+-----------+-----------+----------+
; Name      ; cState.M ; cState.L ; cState.K ; cState.J ; cState.I2 ; cState.I1 ; cState.H ; cState.G ; cState.F ; cState.E ; cState.D ; cState.C ; cState.B2 ; cState.B1 ; cState.A ;
+-----------+----------+----------+----------+----------+-----------+-----------+----------+----------+----------+----------+----------+----------+-----------+-----------+----------+
; cState.A  ; 0        ; 0        ; 0        ; 0        ; 0         ; 0         ; 0        ; 0        ; 0        ; 0        ; 0        ; 0        ; 0         ; 0         ; 0        ;
; cState.B1 ; 0        ; 0        ; 0        ; 0        ; 0         ; 0         ; 0        ; 0        ; 0        ; 0        ; 0        ; 0        ; 0         ; 1         ; 1        ;
; cState.B2 ; 0        ; 0        ; 0        ; 0        ; 0         ; 0         ; 0        ; 0        ; 0        ; 0        ; 0        ; 0        ; 1         ; 0         ; 1        ;
; cState.C  ; 0        ; 0        ; 0        ; 0        ; 0         ; 0         ; 0        ; 0        ; 0        ; 0        ; 0        ; 1        ; 0         ; 0         ; 1        ;
; cState.D  ; 0        ; 0        ; 0        ; 0        ; 0         ; 0         ; 0        ; 0        ; 0        ; 0        ; 1        ; 0        ; 0         ; 0         ; 1        ;
; cState.E  ; 0        ; 0        ; 0        ; 0        ; 0         ; 0         ; 0        ; 0        ; 0        ; 1        ; 0        ; 0        ; 0         ; 0         ; 1        ;
; cState.F  ; 0        ; 0        ; 0        ; 0        ; 0         ; 0         ; 0        ; 0        ; 1        ; 0        ; 0        ; 0        ; 0         ; 0         ; 1        ;
; cState.G  ; 0        ; 0        ; 0        ; 0        ; 0         ; 0         ; 0        ; 1        ; 0        ; 0        ; 0        ; 0        ; 0         ; 0         ; 1        ;
; cState.H  ; 0        ; 0        ; 0        ; 0        ; 0         ; 0         ; 1        ; 0        ; 0        ; 0        ; 0        ; 0        ; 0         ; 0         ; 1        ;
; cState.I1 ; 0        ; 0        ; 0        ; 0        ; 0         ; 1         ; 0        ; 0        ; 0        ; 0        ; 0        ; 0        ; 0         ; 0         ; 1        ;
; cState.I2 ; 0        ; 0        ; 0        ; 0        ; 1         ; 0         ; 0        ; 0        ; 0        ; 0        ; 0        ; 0        ; 0         ; 0         ; 1        ;
; cState.J  ; 0        ; 0        ; 0        ; 1        ; 0         ; 0         ; 0        ; 0        ; 0        ; 0        ; 0        ; 0        ; 0         ; 0         ; 1        ;
; cState.K  ; 0        ; 0        ; 1        ; 0        ; 0         ; 0         ; 0        ; 0        ; 0        ; 0        ; 0        ; 0        ; 0         ; 0         ; 1        ;
; cState.L  ; 0        ; 1        ; 0        ; 0        ; 0         ; 0         ; 0        ; 0        ; 0        ; 0        ; 0        ; 0        ; 0         ; 0         ; 1        ;
; cState.M  ; 1        ; 0        ; 0        ; 0        ; 0         ; 0         ; 0        ; 0        ; 0        ; 0        ; 0        ; 0        ; 0         ; 0         ; 1        ;
+-----------+----------+----------+----------+----------+-----------+-----------+----------+----------+----------+----------+----------+----------+-----------+-----------+----------+


+--------------------------------------------------------------------------------------+
; Registers Removed During Synthesis                                                   ;
+----------------------------------------+---------------------------------------------+
; Register name                          ; Reason for Removal                          ;
+----------------------------------------+---------------------------------------------+
; arsShifter:ArsShift|Aout[40]           ; Merged with arsShifter:ArsShift|Aout[39]    ;
; FSM_Multi:control|cState.M             ; Stuck at GND due to stuck port data_in      ;
; outFinal:OutputFinal|finalOut[0..40]   ; Stuck at GND due to stuck port clock_enable ;
; outFinal:OutputFinal|Status[0]         ; Stuck at GND due to stuck port sclear       ;
; outFinal:OutputFinal|Status[1]         ; Stuck at GND due to stuck port data_in      ;
; Total Number of Removed Registers = 45 ;                                             ;
+----------------------------------------+---------------------------------------------+


+--------------------------------------------------------------------------------------------------------------------------------+
; Removed Registers Triggering Further Register Optimizations                                                                    ;
+----------------------------+---------------------------+-----------------------------------------------------------------------+
; Register name              ; Reason for Removal        ; Registers Removed due to This Register                                ;
+----------------------------+---------------------------+-----------------------------------------------------------------------+
; FSM_Multi:control|cState.M ; Stuck at GND              ; outFinal:OutputFinal|finalOut[0], outFinal:OutputFinal|finalOut[1],   ;
;                            ; due to stuck port data_in ; outFinal:OutputFinal|finalOut[2], outFinal:OutputFinal|finalOut[3],   ;
;                            ;                           ; outFinal:OutputFinal|finalOut[4], outFinal:OutputFinal|finalOut[5],   ;
;                            ;                           ; outFinal:OutputFinal|finalOut[6], outFinal:OutputFinal|finalOut[7],   ;
;                            ;                           ; outFinal:OutputFinal|finalOut[8], outFinal:OutputFinal|finalOut[9],   ;
;                            ;                           ; outFinal:OutputFinal|finalOut[10], outFinal:OutputFinal|finalOut[11], ;
;                            ;                           ; outFinal:OutputFinal|finalOut[12], outFinal:OutputFinal|finalOut[13], ;
;                            ;                           ; outFinal:OutputFinal|finalOut[14], outFinal:OutputFinal|finalOut[15], ;
;                            ;                           ; outFinal:OutputFinal|finalOut[16], outFinal:OutputFinal|finalOut[17], ;
;                            ;                           ; outFinal:OutputFinal|finalOut[18], outFinal:OutputFinal|finalOut[19], ;
;                            ;                           ; outFinal:OutputFinal|finalOut[20], outFinal:OutputFinal|finalOut[21], ;
;                            ;                           ; outFinal:OutputFinal|finalOut[22], outFinal:OutputFinal|finalOut[23], ;
;                            ;                           ; outFinal:OutputFinal|finalOut[24], outFinal:OutputFinal|finalOut[25], ;
;                            ;                           ; outFinal:OutputFinal|finalOut[26], outFinal:OutputFinal|finalOut[27], ;
;                            ;                           ; outFinal:OutputFinal|finalOut[28], outFinal:OutputFinal|finalOut[29], ;
;                            ;                           ; outFinal:OutputFinal|finalOut[30], outFinal:OutputFinal|finalOut[31], ;
;                            ;                           ; outFinal:OutputFinal|finalOut[32], outFinal:OutputFinal|finalOut[33], ;
;                            ;                           ; outFinal:OutputFinal|finalOut[34], outFinal:OutputFinal|finalOut[35], ;
;                            ;                           ; outFinal:OutputFinal|finalOut[36], outFinal:OutputFinal|finalOut[37], ;
;                            ;                           ; outFinal:OutputFinal|finalOut[38], outFinal:OutputFinal|finalOut[39], ;
;                            ;                           ; outFinal:OutputFinal|finalOut[40], outFinal:OutputFinal|Status[0],    ;
;                            ;                           ; outFinal:OutputFinal|Status[1]                                        ;
+----------------------------+---------------------------+-----------------------------------------------------------------------+


+------------------------------------------------------+
; General Register Statistics                          ;
+----------------------------------------------+-------+
; Statistic                                    ; Value ;
+----------------------------------------------+-------+
; Total registers                              ; 0     ;
; Number of registers using Synchronous Clear  ; 0     ;
; Number of registers using Synchronous Load   ; 0     ;
; Number of registers using Asynchronous Clear ; 0     ;
; Number of registers using Asynchronous Load  ; 0     ;
; Number of registers using Clock Enable       ; 0     ;
; Number of registers using Preset             ; 0     ;
+----------------------------------------------+-------+


+-------------------------------------------------------------------------------------------------------------------------------------------------------------------------------------+
; Multiplexer Restructuring Statistics (Restructuring Performed)                                                                                                                      ;
+--------------------+-----------+---------------+----------------------+------------------------+------------+-----------------------------------------------------------------------+
; Multiplexer Inputs ; Bus Width ; Baseline Area ; Area if Restructured ; Saving if Restructured ; Registered ; Example Multiplexer Output                                            ;
+--------------------+-----------+---------------+----------------------+------------------------+------------+-----------------------------------------------------------------------+
; 3:1                ; 6 bits    ; 12 LEs        ; 6 LEs                ; 6 LEs                  ; Yes        ; |Multiplication|AdderSubtractor:AddSub|adderFSM:AdderFSMBlok|count[0] ;
; 3:1                ; 40 bits   ; 80 LEs        ; 80 LEs               ; 0 LEs                  ; Yes        ; |Multiplication|multiplexer:MuxAcc|f[8]                               ;
; 4:1                ; 2 bits    ; 4 LEs         ; 2 LEs                ; 2 LEs                  ; No         ; |Multiplication|AdderSubtractor:AddSub|FSM:FSM_AdderSubtractor|state  ;
+--------------------+-----------+---------------+----------------------+------------------------+------------+-----------------------------------------------------------------------+


+--------------------------------------------------------------------------------+
; Parameter Settings for User Entity Instance: Top-level Entity: |Multiplication ;
+----------------+-------+-------------------------------------------------------+
; Parameter Name ; Value ; Type                                                  ;
+----------------+-------+-------------------------------------------------------+
; N              ; 41    ; Signed Integer                                        ;
+----------------+-------+-------------------------------------------------------+
Note: In order to hide this table in the UI and the text report file, please set the "Show Parameter Settings Tables in Synthesis Report" option in "Analysis and Synthesis Settings -> More Settings" to "Off".


+-----------------------------------------------------------------+
; Parameter Settings for User Entity Instance: multiplexer:MuxAcc ;
+----------------+-------+----------------------------------------+
; Parameter Name ; Value ; Type                                   ;
+----------------+-------+----------------------------------------+
; n              ; 41    ; Signed Integer                         ;
+----------------+-------+----------------------------------------+
Note: In order to hide this table in the UI and the text report file, please set the "Show Parameter Settings Tables in Synthesis Report" option in "Analysis and Synthesis Settings -> More Settings" to "Off".


+------------------------------------------------------------------+
; Parameter Settings for User Entity Instance: multiplexer:MuxRegQ ;
+----------------+-------+-----------------------------------------+
; Parameter Name ; Value ; Type                                    ;
+----------------+-------+-----------------------------------------+
; n              ; 41    ; Signed Integer                          ;
+----------------+-------+-----------------------------------------+
Note: In order to hide this table in the UI and the text report file, please set the "Show Parameter Settings Tables in Synthesis Report" option in "Analysis and Synthesis Settings -> More Settings" to "Off".


+--------------------------------------------------------------------+
; Parameter Settings for User Entity Instance: ParalelRegister:reg_p ;
+----------------+-------+-------------------------------------------+
; Parameter Name ; Value ; Type                                      ;
+----------------+-------+-------------------------------------------+
; n              ; 41    ; Signed Integer                            ;
+----------------+-------+-------------------------------------------+
Note: In order to hide this table in the UI and the text report file, please set the "Show Parameter Settings Tables in Synthesis Report" option in "Analysis and Synthesis Settings -> More Settings" to "Off".


+---------------------------------------------------------------------+
; Parameter Settings for User Entity Instance: ParalelRegisterQ:reg_q ;
+----------------+-------+--------------------------------------------+
; Parameter Name ; Value ; Type                                       ;
+----------------+-------+--------------------------------------------+
; n              ; 41    ; Signed Integer                             ;
+----------------+-------+--------------------------------------------+
Note: In order to hide this table in the UI and the text report file, please set the "Show Parameter Settings Tables in Synthesis Report" option in "Analysis and Synthesis Settings -> More Settings" to "Off".


+----------------------------------------------------------------------+
; Parameter Settings for User Entity Instance: ParalelRegister:reg_acc ;
+----------------+-------+---------------------------------------------+
; Parameter Name ; Value ; Type                                        ;
+----------------+-------+---------------------------------------------+
; n              ; 41    ; Signed Integer                              ;
+----------------+-------+---------------------------------------------+
Note: In order to hide this table in the UI and the text report file, please set the "Show Parameter Settings Tables in Synthesis Report" option in "Analysis and Synthesis Settings -> More Settings" to "Off".


+---------------------------------------------------------------------+
; Parameter Settings for User Entity Instance: AdderSubtractor:AddSub ;
+----------------+-------+--------------------------------------------+
; Parameter Name ; Value ; Type                                       ;
+----------------+-------+--------------------------------------------+
; n              ; 41    ; Signed Integer                             ;
+----------------+-------+--------------------------------------------+
Note: In order to hide this table in the UI and the text report file, please set the "Show Parameter Settings Tables in Synthesis Report" option in "Analysis and Synthesis Settings -> More Settings" to "Off".


+---------------------------------------------------------------------------------------------+
; Parameter Settings for User Entity Instance: AdderSubtractor:AddSub|FSM:FSM_AdderSubtractor ;
+----------------+-------+--------------------------------------------------------------------+
; Parameter Name ; Value ; Type                                                               ;
+----------------+-------+--------------------------------------------------------------------+
; n              ; 41    ; Signed Integer                                                     ;
+----------------+-------+--------------------------------------------------------------------+
Note: In order to hide this table in the UI and the text report file, please set the "Show Parameter Settings Tables in Synthesis Report" option in "Analysis and Synthesis Settings -> More Settings" to "Off".


+--------------------------------------------------------------------------------------------------------+
; Parameter Settings for User Entity Instance: AdderSubtractor:AddSub|FSM:FSM_AdderSubtractor|mux21:OUTP ;
+----------------+-------+-------------------------------------------------------------------------------+
; Parameter Name ; Value ; Type                                                                          ;
+----------------+-------+-------------------------------------------------------------------------------+
; n              ; 41    ; Signed Integer                                                                ;
+----------------+-------+-------------------------------------------------------------------------------+
Note: In order to hide this table in the UI and the text report file, please set the "Show Parameter Settings Tables in Synthesis Report" option in "Analysis and Synthesis Settings -> More Settings" to "Off".


+--------------------------------------------------------------------------------------------------------+
; Parameter Settings for User Entity Instance: AdderSubtractor:AddSub|FSM:FSM_AdderSubtractor|mux21:OUTQ ;
+----------------+-------+-------------------------------------------------------------------------------+
; Parameter Name ; Value ; Type                                                                          ;
+----------------+-------+-------------------------------------------------------------------------------+
; n              ; 41    ; Signed Integer                                                                ;
+----------------+-------+-------------------------------------------------------------------------------+
Note: In order to hide this table in the UI and the text report file, please set the "Show Parameter Settings Tables in Synthesis Report" option in "Analysis and Synthesis Settings -> More Settings" to "Off".


+-----------------------------------------------------------------------------------------------------------+
; Parameter Settings for User Entity Instance: AdderSubtractor:AddSub|FSM:FSM_AdderSubtractor|S2Comp:COMP_P ;
+----------------+-------+----------------------------------------------------------------------------------+
; Parameter Name ; Value ; Type                                                                             ;
+----------------+-------+----------------------------------------------------------------------------------+
; n              ; 41    ; Signed Integer                                                                   ;
+----------------+-------+----------------------------------------------------------------------------------+
Note: In order to hide this table in the UI and the text report file, please set the "Show Parameter Settings Tables in Synthesis Report" option in "Analysis and Synthesis Settings -> More Settings" to "Off".


+-----------------------------------------------------------------------------------------------------------+
; Parameter Settings for User Entity Instance: AdderSubtractor:AddSub|FSM:FSM_AdderSubtractor|S2Comp:COMP_Q ;
+----------------+-------+----------------------------------------------------------------------------------+
; Parameter Name ; Value ; Type                                                                             ;
+----------------+-------+----------------------------------------------------------------------------------+
; n              ; 41    ; Signed Integer                                                                   ;
+----------------+-------+----------------------------------------------------------------------------------+
Note: In order to hide this table in the UI and the text report file, please set the "Show Parameter Settings Tables in Synthesis Report" option in "Analysis and Synthesis Settings -> More Settings" to "Off".


+-------------------------------------------------------------------------------------------+
; Parameter Settings for User Entity Instance: AdderSubtractor:AddSub|adderFSM:AdderFSMBlok ;
+----------------+-------+------------------------------------------------------------------+
; Parameter Name ; Value ; Type                                                             ;
+----------------+-------+------------------------------------------------------------------+
; n              ; 41    ; Signed Integer                                                   ;
+----------------+-------+------------------------------------------------------------------+
Note: In order to hide this table in the UI and the text report file, please set the "Show Parameter Settings Tables in Synthesis Report" option in "Analysis and Synthesis Settings -> More Settings" to "Off".


+---------------------------------------------------------------------------------------------------------------+
; Parameter Settings for User Entity Instance: AdderSubtractor:AddSub|adderFSM:AdderFSMBlok|RegisterSerial:RegA ;
+----------------+-------+--------------------------------------------------------------------------------------+
; Parameter Name ; Value ; Type                                                                                 ;
+----------------+-------+--------------------------------------------------------------------------------------+
; n              ; 41    ; Signed Integer                                                                       ;
+----------------+-------+--------------------------------------------------------------------------------------+
Note: In order to hide this table in the UI and the text report file, please set the "Show Parameter Settings Tables in Synthesis Report" option in "Analysis and Synthesis Settings -> More Settings" to "Off".


+---------------------------------------------------------------------------------------------------------------+
; Parameter Settings for User Entity Instance: AdderSubtractor:AddSub|adderFSM:AdderFSMBlok|RegisterSerial:RegB ;
+----------------+-------+--------------------------------------------------------------------------------------+
; Parameter Name ; Value ; Type                                                                                 ;
+----------------+-------+--------------------------------------------------------------------------------------+
; n              ; 41    ; Signed Integer                                                                       ;
+----------------+-------+--------------------------------------------------------------------------------------+
Note: In order to hide this table in the UI and the text report file, please set the "Show Parameter Settings Tables in Synthesis Report" option in "Analysis and Synthesis Settings -> More Settings" to "Off".


+---------------------------------------------------------------------------------------------------------------+
; Parameter Settings for User Entity Instance: AdderSubtractor:AddSub|adderFSM:AdderFSMBlok|RegisterSerial:RegS ;
+----------------+-------+--------------------------------------------------------------------------------------+
; Parameter Name ; Value ; Type                                                                                 ;
+----------------+-------+--------------------------------------------------------------------------------------+
; n              ; 41    ; Signed Integer                                                                       ;
+----------------+-------+--------------------------------------------------------------------------------------+
Note: In order to hide this table in the UI and the text report file, please set the "Show Parameter Settings Tables in Synthesis Report" option in "Analysis and Synthesis Settings -> More Settings" to "Off".


+------------------------------------------------------------------+
; Parameter Settings for User Entity Instance: arsShifter:ArsShift ;
+----------------+-------+-----------------------------------------+
; Parameter Name ; Value ; Type                                    ;
+----------------+-------+-----------------------------------------+
; n              ; 41    ; Signed Integer                          ;
+----------------+-------+-----------------------------------------+
Note: In order to hide this table in the UI and the text report file, please set the "Show Parameter Settings Tables in Synthesis Report" option in "Analysis and Synthesis Settings -> More Settings" to "Off".


+-------------------------------------------------------------------+
; Parameter Settings for User Entity Instance: outFinal:OutputFinal ;
+----------------+-------+------------------------------------------+
; Parameter Name ; Value ; Type                                     ;
+----------------+-------+------------------------------------------+
; n              ; 41    ; Signed Integer                           ;
+----------------+-------+------------------------------------------+
Note: In order to hide this table in the UI and the text report file, please set the "Show Parameter Settings Tables in Synthesis Report" option in "Analysis and Synthesis Settings -> More Settings" to "Off".


+----------------------------------------------------------------------------------------------+
; Port Connectivity Checks: "AdderSubtractor:AddSub|adderFSM:AdderFSMBlok|RegisterSerial:RegS" ;
+--------+-------+----------+------------------------------------------------------------------+
; Port   ; Type  ; Severity ; Details                                                          ;
+--------+-------+----------+------------------------------------------------------------------+
; in_reg ; Input ; Info     ; Stuck at GND                                                     ;
+--------+-------+----------+------------------------------------------------------------------+


+--------------------------------------------------------------------------------------------------------------------+
; Port Connectivity Checks: "AdderSubtractor:AddSub|adderFSM:AdderFSMBlok|RegisterSerial:RegB"                       ;
+----------+--------+----------+-------------------------------------------------------------------------------------+
; Port     ; Type   ; Severity ; Details                                                                             ;
+----------+--------+----------+-------------------------------------------------------------------------------------+
; w        ; Input  ; Info     ; Stuck at GND                                                                        ;
; en       ; Input  ; Info     ; Stuck at VCC                                                                        ;
; q[40..1] ; Output ; Info     ; Connected to dangling logic. Logic that only feeds a dangling port will be removed. ;
+----------+--------+----------+-------------------------------------------------------------------------------------+


+--------------------------------------------------------------------------------------------------------------------+
; Port Connectivity Checks: "AdderSubtractor:AddSub|adderFSM:AdderFSMBlok|RegisterSerial:RegA"                       ;
+----------+--------+----------+-------------------------------------------------------------------------------------+
; Port     ; Type   ; Severity ; Details                                                                             ;
+----------+--------+----------+-------------------------------------------------------------------------------------+
; w        ; Input  ; Info     ; Stuck at GND                                                                        ;
; en       ; Input  ; Info     ; Stuck at VCC                                                                        ;
; q[40..1] ; Output ; Info     ; Connected to dangling logic. Logic that only feeds a dangling port will be removed. ;
+----------+--------+----------+-------------------------------------------------------------------------------------+


+----------------------------------------------------------------------------------------------------------------+
; Port Connectivity Checks: "AdderSubtractor:AddSub|adderFSM:AdderFSMBlok"                                       ;
+------+--------+----------+-------------------------------------------------------------------------------------+
; Port ; Type   ; Severity ; Details                                                                             ;
+------+--------+----------+-------------------------------------------------------------------------------------+
; ens  ; Output ; Info     ; Connected to dangling logic. Logic that only feeds a dangling port will be removed. ;
+------+--------+----------+-------------------------------------------------------------------------------------+


+----------------------------------------------------------------------------------------------------------------+
; Port Connectivity Checks: "multiplexer:MuxRegQ"                                                                ;
+------+--------+----------+-------------------------------------------------------------------------------------+
; Port ; Type   ; Severity ; Details                                                                             ;
+------+--------+----------+-------------------------------------------------------------------------------------+
; f    ; Output ; Info     ; Connected to dangling logic. Logic that only feeds a dangling port will be removed. ;
+------+--------+----------+-------------------------------------------------------------------------------------+


+-------------------------------+
; Analysis & Synthesis Messages ;
+-------------------------------+
Info: *******************************************************************
Info: Running Quartus II Analysis & Synthesis
    Info: Version 9.1 Build 350 03/24/2010 Service Pack 2 SJ Web Edition
    Info: Processing started: Sat Nov 25 20:11:28 2023
Info: Command: quartus_map --read_settings_files=on --write_settings_files=off Multiplication -c Multiplication
Info: Found 2 design units, including 1 entities, in source file /users/sjohn/onedrive - institut teknologi bandung/keperluan kuliah/ldte/tugas besar/fsmmulti/fsm_multi.vhd
    Info: Found design unit 1: FSM_Multi-FSM_arc
    Info: Found entity 1: FSM_Multi
Info: Found 2 design units, including 1 entities, in source file /users/sjohn/onedrive - institut teknologi bandung/keperluan kuliah/ldte/tugas besar/multiplexer/multiplexer.vhd
    Info: Found design unit 1: multiplexer-Behavior
    Info: Found entity 1: multiplexer
Info: Found 2 design units, including 1 entities, in source file /users/sjohn/onedrive - institut teknologi bandung/keperluan kuliah/ldte/tugas besar/output finalization/output_finalization.vhd
    Info: Found design unit 1: outFinal-outFinal_arc
    Info: Found entity 1: outFinal
Info: Found 2 design units, including 1 entities, in source file /users/sjohn/onedrive - institut teknologi bandung/keperluan kuliah/ldte/tugas besar/register pararel/paralelregister.vhd
    Info: Found design unit 1: ParalelRegister-register_arc
    Info: Found entity 1: ParalelRegister
Info: Found 2 design units, including 1 entities, in source file /users/sjohn/onedrive - institut teknologi bandung/keperluan kuliah/ldte/tugas besar/addersubtractor/addersubtractor/adderfsm.vhd
    Info: Found design unit 1: adderFSM-adderFSM_arc
    Info: Found entity 1: adderFSM
Info: Found 2 design units, including 1 entities, in source file /users/sjohn/onedrive - institut teknologi bandung/keperluan kuliah/ldte/tugas besar/addersubtractor/addersubtractor/addersubtractor.vhd
    Info: Found design unit 1: AdderSubtractor-AdderSubtractor_arc
    Info: Found entity 1: AdderSubtractor
Info: Found 2 design units, including 1 entities, in source file /users/sjohn/onedrive - institut teknologi bandung/keperluan kuliah/ldte/tugas besar/addersubtractor/addersubtractor/fsm.vhd
    Info: Found design unit 1: FSM-FSM_arc
    Info: Found entity 1: FSM
Info: Found 2 design units, including 1 entities, in source file /users/sjohn/onedrive - institut teknologi bandung/keperluan kuliah/ldte/tugas besar/addersubtractor/addersubtractor/mux21.vhd
    Info: Found design unit 1: mux21-Behavior
    Info: Found entity 1: mux21
Info: Found 2 design units, including 1 entities, in source file /users/sjohn/onedrive - institut teknologi bandung/keperluan kuliah/ldte/tugas besar/addersubtractor/addersubtractor/registerserial.vhd
    Info: Found design unit 1: RegisterSerial-register_arc
    Info: Found entity 1: RegisterSerial
Info: Found 2 design units, including 1 entities, in source file /users/sjohn/onedrive - institut teknologi bandung/keperluan kuliah/ldte/tugas besar/addersubtractor/addersubtractor/s2comp.vhd
    Info: Found design unit 1: S2Comp-S2Compp_arc
    Info: Found entity 1: S2Comp
Info: Found 2 design units, including 1 entities, in source file /users/sjohn/onedrive - institut teknologi bandung/keperluan kuliah/ldte/tugas besar/arsshifter/arsshifter.vhd
    Info: Found design unit 1: arsShifter-ars_arc
    Info: Found entity 1: arsShifter
Info: Found 2 design units, including 1 entities, in source file multiplication.vhd
    Info: Found design unit 1: Multiplication-Multi_arc
    Info: Found entity 1: Multiplication
Info: Found 2 design units, including 1 entities, in source file paralelregister1.vhd
    Info: Found design unit 1: ParalelRegisterQ-registerQ_arc
    Info: Found entity 1: ParalelRegisterQ
Info: Elaborating entity "Multiplication" for the top level hierarchy
Warning (10541): VHDL Signal Declaration warning at Multiplication.vhd(15): used implicit default value for signal "debugout" because signal was never assigned a value or an explicit default value. Use of implicit default value may introduce unintended design optimizations.
Warning (10036): Verilog HDL or VHDL warning at Multiplication.vhd(111): object "Out_Mux_RegQ" assigned a value but never read
Info: Elaborating entity "FSM_Multi" for hierarchy "FSM_Multi:control"
Warning (10540): VHDL Signal Declaration warning at FSM_Multi.vhd(28): used explicit default value for signal "Counter" because signal was never assigned a value
Warning (10492): VHDL Process Statement warning at FSM_Multi.vhd(39): signal "cState" is read inside the Process Statement but isn't in the Process Statement's sensitivity list
Warning (10492): VHDL Process Statement warning at FSM_Multi.vhd(42): signal "Counter" is read inside the Process Statement but isn't in the Process Statement's sensitivity list
Warning (10492): VHDL Process Statement warning at FSM_Multi.vhd(109): signal "Counter" is read inside the Process Statement but isn't in the Process Statement's sensitivity list
Info: Elaborating entity "multiplexer" for hierarchy "multiplexer:MuxAcc"
Info: Elaborating entity "ParalelRegister" for hierarchy "ParalelRegister:reg_p"
Warning (10492): VHDL Process Statement warning at ParalelRegister.vhd(24): signal "IN_REG" is read inside the Process Statement but isn't in the Process Statement's sensitivity list
Warning (10492): VHDL Process Statement warning at ParalelRegister.vhd(27): signal "REG" is read inside the Process Statement but isn't in the Process Statement's sensitivity list
Warning (10631): VHDL Process Statement warning at ParalelRegister.vhd(20): inferring latch(es) for signal or variable "REG", which holds its previous value in one or more paths through the process
Info (10041): Inferred latch for "REG[0]" at ParalelRegister.vhd(20)
Info (10041): Inferred latch for "REG[1]" at ParalelRegister.vhd(20)
Info (10041): Inferred latch for "REG[2]" at ParalelRegister.vhd(20)
Info (10041): Inferred latch for "REG[3]" at ParalelRegister.vhd(20)
Info (10041): Inferred latch for "REG[4]" at ParalelRegister.vhd(20)
Info (10041): Inferred latch for "REG[5]" at ParalelRegister.vhd(20)
Info (10041): Inferred latch for "REG[6]" at ParalelRegister.vhd(20)
Info (10041): Inferred latch for "REG[7]" at ParalelRegister.vhd(20)
Info (10041): Inferred latch for "REG[8]" at ParalelRegister.vhd(20)
Info (10041): Inferred latch for "REG[9]" at ParalelRegister.vhd(20)
Info (10041): Inferred latch for "REG[10]" at ParalelRegister.vhd(20)
Info (10041): Inferred latch for "REG[11]" at ParalelRegister.vhd(20)
Info (10041): Inferred latch for "REG[12]" at ParalelRegister.vhd(20)
Info (10041): Inferred latch for "REG[13]" at ParalelRegister.vhd(20)
Info (10041): Inferred latch for "REG[14]" at ParalelRegister.vhd(20)
Info (10041): Inferred latch for "REG[15]" at ParalelRegister.vhd(20)
Info (10041): Inferred latch for "REG[16]" at ParalelRegister.vhd(20)
Info (10041): Inferred latch for "REG[17]" at ParalelRegister.vhd(20)
Info (10041): Inferred latch for "REG[18]" at ParalelRegister.vhd(20)
Info (10041): Inferred latch for "REG[19]" at ParalelRegister.vhd(20)
Info (10041): Inferred latch for "REG[20]" at ParalelRegister.vhd(20)
Info (10041): Inferred latch for "REG[21]" at ParalelRegister.vhd(20)
Info (10041): Inferred latch for "REG[22]" at ParalelRegister.vhd(20)
Info (10041): Inferred latch for "REG[23]" at ParalelRegister.vhd(20)
Info (10041): Inferred latch for "REG[24]" at ParalelRegister.vhd(20)
Info (10041): Inferred latch for "REG[25]" at ParalelRegister.vhd(20)
Info (10041): Inferred latch for "REG[26]" at ParalelRegister.vhd(20)
Info (10041): Inferred latch for "REG[27]" at ParalelRegister.vhd(20)
Info (10041): Inferred latch for "REG[28]" at ParalelRegister.vhd(20)
Info (10041): Inferred latch for "REG[29]" at ParalelRegister.vhd(20)
Info (10041): Inferred latch for "REG[30]" at ParalelRegister.vhd(20)
Info (10041): Inferred latch for "REG[31]" at ParalelRegister.vhd(20)
Info (10041): Inferred latch for "REG[32]" at ParalelRegister.vhd(20)
Info (10041): Inferred latch for "REG[33]" at ParalelRegister.vhd(20)
Info (10041): Inferred latch for "REG[34]" at ParalelRegister.vhd(20)
Info (10041): Inferred latch for "REG[35]" at ParalelRegister.vhd(20)
Info (10041): Inferred latch for "REG[36]" at ParalelRegister.vhd(20)
Info (10041): Inferred latch for "REG[37]" at ParalelRegister.vhd(20)
Info (10041): Inferred latch for "REG[38]" at ParalelRegister.vhd(20)
Info (10041): Inferred latch for "REG[39]" at ParalelRegister.vhd(20)
Info (10041): Inferred latch for "REG[40]" at ParalelRegister.vhd(20)
Info: Elaborating entity "ParalelRegisterQ" for hierarchy "ParalelRegisterQ:reg_q"
Warning (10492): VHDL Process Statement warning at ParalelRegister1.vhd(26): signal "IN_REG" is read inside the Process Statement but isn't in the Process Statement's sensitivity list
Warning (10492): VHDL Process Statement warning at ParalelRegister1.vhd(27): signal "IN_REG" is read inside the Process Statement but isn't in the Process Statement's sensitivity list
Warning (10492): VHDL Process Statement warning at ParalelRegister1.vhd(30): signal "REG" is read inside the Process Statement but isn't in the Process Statement's sensitivity list
Warning (10492): VHDL Process Statement warning at ParalelRegister1.vhd(31): signal "Qlsbb" is read inside the Process Statement but isn't in the Process Statement's sensitivity list
Warning (10631): VHDL Process Statement warning at ParalelRegister1.vhd(22): inferring latch(es) for signal or variable "REG", which holds its previous value in one or more paths through the process
Warning (10631): VHDL Process Statement warning at ParalelRegister1.vhd(22): inferring latch(es) for signal or variable "Qlsbb", which holds its previous value in one or more paths through the process
Info (10041): Inferred latch for "Qlsbb" at ParalelRegister1.vhd(22)
Info (10041): Inferred latch for "REG[0]" at ParalelRegister1.vhd(22)
Info (10041): Inferred latch for "REG[1]" at ParalelRegister1.vhd(22)
Info (10041): Inferred latch for "REG[2]" at ParalelRegister1.vhd(22)
Info (10041): Inferred latch for "REG[3]" at ParalelRegister1.vhd(22)
Info (10041): Inferred latch for "REG[4]" at ParalelRegister1.vhd(22)
Info (10041): Inferred latch for "REG[5]" at ParalelRegister1.vhd(22)
Info (10041): Inferred latch for "REG[6]" at ParalelRegister1.vhd(22)
Info (10041): Inferred latch for "REG[7]" at ParalelRegister1.vhd(22)
Info (10041): Inferred latch for "REG[8]" at ParalelRegister1.vhd(22)
Info (10041): Inferred latch for "REG[9]" at ParalelRegister1.vhd(22)
Info (10041): Inferred latch for "REG[10]" at ParalelRegister1.vhd(22)
Info (10041): Inferred latch for "REG[11]" at ParalelRegister1.vhd(22)
Info (10041): Inferred latch for "REG[12]" at ParalelRegister1.vhd(22)
Info (10041): Inferred latch for "REG[13]" at ParalelRegister1.vhd(22)
Info (10041): Inferred latch for "REG[14]" at ParalelRegister1.vhd(22)
Info (10041): Inferred latch for "REG[15]" at ParalelRegister1.vhd(22)
Info (10041): Inferred latch for "REG[16]" at ParalelRegister1.vhd(22)
Info (10041): Inferred latch for "REG[17]" at ParalelRegister1.vhd(22)
Info (10041): Inferred latch for "REG[18]" at ParalelRegister1.vhd(22)
Info (10041): Inferred latch for "REG[19]" at ParalelRegister1.vhd(22)
Info (10041): Inferred latch for "REG[20]" at ParalelRegister1.vhd(22)
Info (10041): Inferred latch for "REG[21]" at ParalelRegister1.vhd(22)
Info (10041): Inferred latch for "REG[22]" at ParalelRegister1.vhd(22)
Info (10041): Inferred latch for "REG[23]" at ParalelRegister1.vhd(22)
Info (10041): Inferred latch for "REG[24]" at ParalelRegister1.vhd(22)
Info (10041): Inferred latch for "REG[25]" at ParalelRegister1.vhd(22)
Info (10041): Inferred latch for "REG[26]" at ParalelRegister1.vhd(22)
Info (10041): Inferred latch for "REG[27]" at ParalelRegister1.vhd(22)
Info (10041): Inferred latch for "REG[28]" at ParalelRegister1.vhd(22)
Info (10041): Inferred latch for "REG[29]" at ParalelRegister1.vhd(22)
Info (10041): Inferred latch for "REG[30]" at ParalelRegister1.vhd(22)
Info (10041): Inferred latch for "REG[31]" at ParalelRegister1.vhd(22)
Info (10041): Inferred latch for "REG[32]" at ParalelRegister1.vhd(22)
Info (10041): Inferred latch for "REG[33]" at ParalelRegister1.vhd(22)
Info (10041): Inferred latch for "REG[34]" at ParalelRegister1.vhd(22)
Info (10041): Inferred latch for "REG[35]" at ParalelRegister1.vhd(22)
Info (10041): Inferred latch for "REG[36]" at ParalelRegister1.vhd(22)
Info (10041): Inferred latch for "REG[37]" at ParalelRegister1.vhd(22)
Info (10041): Inferred latch for "REG[38]" at ParalelRegister1.vhd(22)
Info (10041): Inferred latch for "REG[39]" at ParalelRegister1.vhd(22)
Info (10041): Inferred latch for "REG[40]" at ParalelRegister1.vhd(22)
Info: Elaborating entity "AdderSubtractor" for hierarchy "AdderSubtractor:AddSub"
Warning (10492): VHDL Process Statement warning at AdderSubtractor.vhd(94): signal "Out_int" is read inside the Process Statement but isn't in the Process Statement's sensitivity list
Warning (10492): VHDL Process Statement warning at AdderSubtractor.vhd(95): signal "Out_int" is read inside the Process Statement but isn't in the Process Statement's sensitivity list
Warning (10492): VHDL Process Statement warning at AdderSubtractor.vhd(98): signal "Out_int" is read inside the Process Statement but isn't in the Process Statement's sensitivity list
Info: Elaborating entity "FSM" for hierarchy "AdderSubtractor:AddSub|FSM:FSM_AdderSubtractor"
Warning (10492): VHDL Process Statement warning at FSM.vhd(84): signal "Pin" is read inside the Process Statement but isn't in the Process Statement's sensitivity list
Warning (10492): VHDL Process Statement warning at FSM.vhd(85): signal "Qin" is read inside the Process Statement but isn't in the Process Statement's sensitivity list
Warning (10631): VHDL Process Statement warning at FSM.vhd(79): inferring latch(es) for signal or variable "P", which holds its previous value in one or more paths through the process
Warning (10631): VHDL Process Statement warning at FSM.vhd(79): inferring latch(es) for signal or variable "Q", which holds its previous value in one or more paths through the process
Info (10041): Inferred latch for "Q[0]" at FSM.vhd(79)
Info (10041): Inferred latch for "Q[1]" at FSM.vhd(79)
Info (10041): Inferred latch for "Q[2]" at FSM.vhd(79)
Info (10041): Inferred latch for "Q[3]" at FSM.vhd(79)
Info (10041): Inferred latch for "Q[4]" at FSM.vhd(79)
Info (10041): Inferred latch for "Q[5]" at FSM.vhd(79)
Info (10041): Inferred latch for "Q[6]" at FSM.vhd(79)
Info (10041): Inferred latch for "Q[7]" at FSM.vhd(79)
Info (10041): Inferred latch for "Q[8]" at FSM.vhd(79)
Info (10041): Inferred latch for "Q[9]" at FSM.vhd(79)
Info (10041): Inferred latch for "Q[10]" at FSM.vhd(79)
Info (10041): Inferred latch for "Q[11]" at FSM.vhd(79)
Info (10041): Inferred latch for "Q[12]" at FSM.vhd(79)
Info (10041): Inferred latch for "Q[13]" at FSM.vhd(79)
Info (10041): Inferred latch for "Q[14]" at FSM.vhd(79)
Info (10041): Inferred latch for "Q[15]" at FSM.vhd(79)
Info (10041): Inferred latch for "Q[16]" at FSM.vhd(79)
Info (10041): Inferred latch for "Q[17]" at FSM.vhd(79)
Info (10041): Inferred latch for "Q[18]" at FSM.vhd(79)
Info (10041): Inferred latch for "Q[19]" at FSM.vhd(79)
Info (10041): Inferred latch for "Q[20]" at FSM.vhd(79)
Info (10041): Inferred latch for "Q[21]" at FSM.vhd(79)
Info (10041): Inferred latch for "Q[22]" at FSM.vhd(79)
Info (10041): Inferred latch for "Q[23]" at FSM.vhd(79)
Info (10041): Inferred latch for "Q[24]" at FSM.vhd(79)
Info (10041): Inferred latch for "Q[25]" at FSM.vhd(79)
Info (10041): Inferred latch for "Q[26]" at FSM.vhd(79)
Info (10041): Inferred latch for "Q[27]" at FSM.vhd(79)
Info (10041): Inferred latch for "Q[28]" at FSM.vhd(79)
Info (10041): Inferred latch for "Q[29]" at FSM.vhd(79)
Info (10041): Inferred latch for "Q[30]" at FSM.vhd(79)
Info (10041): Inferred latch for "Q[31]" at FSM.vhd(79)
Info (10041): Inferred latch for "Q[32]" at FSM.vhd(79)
Info (10041): Inferred latch for "Q[33]" at FSM.vhd(79)
Info (10041): Inferred latch for "Q[34]" at FSM.vhd(79)
Info (10041): Inferred latch for "Q[35]" at FSM.vhd(79)
Info (10041): Inferred latch for "Q[36]" at FSM.vhd(79)
Info (10041): Inferred latch for "Q[37]" at FSM.vhd(79)
Info (10041): Inferred latch for "Q[38]" at FSM.vhd(79)
Info (10041): Inferred latch for "Q[39]" at FSM.vhd(79)
Info (10041): Inferred latch for "P[0]" at FSM.vhd(79)
Info (10041): Inferred latch for "P[1]" at FSM.vhd(79)
Info (10041): Inferred latch for "P[2]" at FSM.vhd(79)
Info (10041): Inferred latch for "P[3]" at FSM.vhd(79)
Info (10041): Inferred latch for "P[4]" at FSM.vhd(79)
Info (10041): Inferred latch for "P[5]" at FSM.vhd(79)
Info (10041): Inferred latch for "P[6]" at FSM.vhd(79)
Info (10041): Inferred latch for "P[7]" at FSM.vhd(79)
Info (10041): Inferred latch for "P[8]" at FSM.vhd(79)
Info (10041): Inferred latch for "P[9]" at FSM.vhd(79)
Info (10041): Inferred latch for "P[10]" at FSM.vhd(79)
Info (10041): Inferred latch for "P[11]" at FSM.vhd(79)
Info (10041): Inferred latch for "P[12]" at FSM.vhd(79)
Info (10041): Inferred latch for "P[13]" at FSM.vhd(79)
Info (10041): Inferred latch for "P[14]" at FSM.vhd(79)
Info (10041): Inferred latch for "P[15]" at FSM.vhd(79)
Info (10041): Inferred latch for "P[16]" at FSM.vhd(79)
Info (10041): Inferred latch for "P[17]" at FSM.vhd(79)
Info (10041): Inferred latch for "P[18]" at FSM.vhd(79)
Info (10041): Inferred latch for "P[19]" at FSM.vhd(79)
Info (10041): Inferred latch for "P[20]" at FSM.vhd(79)
Info (10041): Inferred latch for "P[21]" at FSM.vhd(79)
Info (10041): Inferred latch for "P[22]" at FSM.vhd(79)
Info (10041): Inferred latch for "P[23]" at FSM.vhd(79)
Info (10041): Inferred latch for "P[24]" at FSM.vhd(79)
Info (10041): Inferred latch for "P[25]" at FSM.vhd(79)
Info (10041): Inferred latch for "P[26]" at FSM.vhd(79)
Info (10041): Inferred latch for "P[27]" at FSM.vhd(79)
Info (10041): Inferred latch for "P[28]" at FSM.vhd(79)
Info (10041): Inferred latch for "P[29]" at FSM.vhd(79)
Info (10041): Inferred latch for "P[30]" at FSM.vhd(79)
Info (10041): Inferred latch for "P[31]" at FSM.vhd(79)
Info (10041): Inferred latch for "P[32]" at FSM.vhd(79)
Info (10041): Inferred latch for "P[33]" at FSM.vhd(79)
Info (10041): Inferred latch for "P[34]" at FSM.vhd(79)
Info (10041): Inferred latch for "P[35]" at FSM.vhd(79)
Info (10041): Inferred latch for "P[36]" at FSM.vhd(79)
Info (10041): Inferred latch for "P[37]" at FSM.vhd(79)
Info (10041): Inferred latch for "P[38]" at FSM.vhd(79)
Info (10041): Inferred latch for "P[39]" at FSM.vhd(79)
Info: Elaborating entity "mux21" for hierarchy "AdderSubtractor:AddSub|FSM:FSM_AdderSubtractor|mux21:OUTP"
Info: Elaborating entity "S2Comp" for hierarchy "AdderSubtractor:AddSub|FSM:FSM_AdderSubtractor|S2Comp:COMP_P"
Info: Elaborating entity "adderFSM" for hierarchy "AdderSubtractor:AddSub|adderFSM:AdderFSMBlok"
Warning (10540): VHDL Signal Declaration warning at adderFSM.vhd(43): used explicit default value for signal "high" because signal was never assigned a value
Warning (10540): VHDL Signal Declaration warning at adderFSM.vhd(44): used explicit default value for signal "low" because signal was never assigned a value
Warning (10492): VHDL Process Statement warning at adderFSM.vhd(135): signal "count" is read inside the Process Statement but isn't in the Process Statement's sensitivity list
Warning (10492): VHDL Process Statement warning at adderFSM.vhd(152): signal "QA" is read inside the Process Statement but isn't in the Process Statement's sensitivity list
Warning (10492): VHDL Process Statement warning at adderFSM.vhd(152): signal "QB" is read inside the Process Statement but isn't in the Process Statement's sensitivity list
Warning (10492): VHDL Process Statement warning at adderFSM.vhd(157): signal "QA" is read inside the Process Statement but isn't in the Process Statement's sensitivity list
Warning (10492): VHDL Process Statement warning at adderFSM.vhd(157): signal "QB" is read inside the Process Statement but isn't in the Process Statement's sensitivity list
Warning (10492): VHDL Process Statement warning at adderFSM.vhd(162): signal "QA" is read inside the Process Statement but isn't in the Process Statement's sensitivity list
Warning (10492): VHDL Process Statement warning at adderFSM.vhd(162): signal "QB" is read inside the Process Statement but isn't in the Process Statement's sensitivity list
Warning (10492): VHDL Process Statement warning at adderFSM.vhd(167): signal "QA" is read inside the Process Statement but isn't in the Process Statement's sensitivity list
Warning (10492): VHDL Process Statement warning at adderFSM.vhd(167): signal "QB" is read inside the Process Statement but isn't in the Process Statement's sensitivity list
Info: Elaborating entity "RegisterSerial" for hierarchy "AdderSubtractor:AddSub|adderFSM:AdderFSMBlok|RegisterSerial:RegA"
Info: Elaborating entity "arsShifter" for hierarchy "arsShifter:ArsShift"
Info: Elaborating entity "outFinal" for hierarchy "outFinal:OutputFinal"
Warning: Output pins are stuck at VCC or GND
    Warning (13410): Pin "Multi_Out[0]" is stuck at GND
    Warning (13410): Pin "Multi_Out[1]" is stuck at GND
    Warning (13410): Pin "Multi_Out[2]" is stuck at GND
    Warning (13410): Pin "Multi_Out[3]" is stuck at GND
    Warning (13410): Pin "Multi_Out[4]" is stuck at GND
    Warning (13410): Pin "Multi_Out[5]" is stuck at GND
    Warning (13410): Pin "Multi_Out[6]" is stuck at GND
    Warning (13410): Pin "Multi_Out[7]" is stuck at GND
    Warning (13410): Pin "Multi_Out[8]" is stuck at GND
    Warning (13410): Pin "Multi_Out[9]" is stuck at GND
    Warning (13410): Pin "Multi_Out[10]" is stuck at GND
    Warning (13410): Pin "Multi_Out[11]" is stuck at GND
    Warning (13410): Pin "Multi_Out[12]" is stuck at GND
    Warning (13410): Pin "Multi_Out[13]" is stuck at GND
    Warning (13410): Pin "Multi_Out[14]" is stuck at GND
    Warning (13410): Pin "Multi_Out[15]" is stuck at GND
    Warning (13410): Pin "Multi_Out[16]" is stuck at GND
    Warning (13410): Pin "Multi_Out[17]" is stuck at GND
    Warning (13410): Pin "Multi_Out[18]" is stuck at GND
    Warning (13410): Pin "Multi_Out[19]" is stuck at GND
    Warning (13410): Pin "Multi_Out[20]" is stuck at GND
    Warning (13410): Pin "Multi_Out[21]" is stuck at GND
    Warning (13410): Pin "Multi_Out[22]" is stuck at GND
    Warning (13410): Pin "Multi_Out[23]" is stuck at GND
    Warning (13410): Pin "Multi_Out[24]" is stuck at GND
    Warning (13410): Pin "Multi_Out[25]" is stuck at GND
    Warning (13410): Pin "Multi_Out[26]" is stuck at GND
    Warning (13410): Pin "Multi_Out[27]" is stuck at GND
    Warning (13410): Pin "Multi_Out[28]" is stuck at GND
    Warning (13410): Pin "Multi_Out[29]" is stuck at GND
    Warning (13410): Pin "Multi_Out[30]" is stuck at GND
    Warning (13410): Pin "Multi_Out[31]" is stuck at GND
    Warning (13410): Pin "Multi_Out[32]" is stuck at GND
    Warning (13410): Pin "Multi_Out[33]" is stuck at GND
    Warning (13410): Pin "Multi_Out[34]" is stuck at GND
    Warning (13410): Pin "Multi_Out[35]" is stuck at GND
    Warning (13410): Pin "Multi_Out[36]" is stuck at GND
    Warning (13410): Pin "Multi_Out[37]" is stuck at GND
    Warning (13410): Pin "Multi_Out[38]" is stuck at GND
    Warning (13410): Pin "Multi_Out[39]" is stuck at GND
    Warning (13410): Pin "Multi_Out[40]" is stuck at GND
    Warning (13410): Pin "Status_Out[0]" is stuck at GND
    Warning (13410): Pin "Status_Out[1]" is stuck at GND
    Warning (13410): Pin "debugout[0]" is stuck at VCC
    Warning (13410): Pin "debugout[1]" is stuck at GND
    Warning (13410): Pin "debugout[2]" is stuck at GND
    Warning (13410): Pin "debugout[3]" is stuck at GND
    Warning (13410): Pin "debugout[4]" is stuck at GND
    Warning (13410): Pin "debugout[5]" is stuck at GND
    Warning (13410): Pin "debugout[6]" is stuck at GND
    Warning (13410): Pin "debugout[7]" is stuck at GND
    Warning (13410): Pin "debugout[8]" is stuck at GND
    Warning (13410): Pin "debugout[9]" is stuck at GND
    Warning (13410): Pin "debugout[10]" is stuck at GND
    Warning (13410): Pin "debugout[11]" is stuck at GND
    Warning (13410): Pin "debugout[12]" is stuck at GND
    Warning (13410): Pin "debugout[13]" is stuck at GND
    Warning (13410): Pin "debugout[14]" is stuck at GND
    Warning (13410): Pin "debugout[15]" is stuck at GND
    Warning (13410): Pin "debugout[16]" is stuck at GND
    Warning (13410): Pin "debugout[17]" is stuck at GND
    Warning (13410): Pin "debugout[18]" is stuck at GND
    Warning (13410): Pin "debugout[19]" is stuck at GND
    Warning (13410): Pin "debugout[20]" is stuck at GND
    Warning (13410): Pin "debugout[21]" is stuck at GND
    Warning (13410): Pin "debugout[22]" is stuck at GND
    Warning (13410): Pin "debugout[23]" is stuck at GND
    Warning (13410): Pin "debugout[24]" is stuck at GND
    Warning (13410): Pin "debugout[25]" is stuck at GND
    Warning (13410): Pin "debugout[26]" is stuck at GND
    Warning (13410): Pin "debugout[27]" is stuck at GND
    Warning (13410): Pin "debugout[28]" is stuck at GND
    Warning (13410): Pin "debugout[29]" is stuck at GND
    Warning (13410): Pin "debugout[30]" is stuck at GND
    Warning (13410): Pin "debugout[31]" is stuck at VCC
Warning: Design contains 87 input pin(s) that do not drive logic
    Warning (15610): No output dependent on input pin "Clk"
    Warning (15610): No output dependent on input pin "Mode[0]"
    Warning (15610): No output dependent on input pin "Mode[1]"
    Warning (15610): No output dependent on input pin "Mode[2]"
    Warning (15610): No output dependent on input pin "Rst"
    Warning (15610): No output dependent on input pin "Q[1]"
    Warning (15610): No output dependent on input pin "Q[2]"
    Warning (15610): No output dependent on input pin "Q[3]"
    Warning (15610): No output dependent on input pin "Q[4]"
    Warning (15610): No output dependent on input pin "Q[5]"
    Warning (15610): No output dependent on input pin "Q[6]"
    Warning (15610): No output dependent on input pin "Q[7]"
    Warning (15610): No output dependent on input pin "Q[8]"
    Warning (15610): No output dependent on input pin "Q[9]"
    Warning (15610): No output dependent on input pin "Q[10]"
    Warning (15610): No output dependent on input pin "Q[11]"
    Warning (15610): No output dependent on input pin "Q[12]"
    Warning (15610): No output dependent on input pin "Q[13]"
    Warning (15610): No output dependent on input pin "Q[14]"
    Warning (15610): No output dependent on input pin "Q[15]"
    Warning (15610): No output dependent on input pin "Q[16]"
    Warning (15610): No output dependent on input pin "Q[17]"
    Warning (15610): No output dependent on input pin "Q[18]"
    Warning (15610): No output dependent on input pin "Q[19]"
    Warning (15610): No output dependent on input pin "Q[20]"
    Warning (15610): No output dependent on input pin "Q[21]"
    Warning (15610): No output dependent on input pin "Q[22]"
    Warning (15610): No output dependent on input pin "Q[23]"
    Warning (15610): No output dependent on input pin "Q[24]"
    Warning (15610): No output dependent on input pin "Q[25]"
    Warning (15610): No output dependent on input pin "Q[26]"
    Warning (15610): No output dependent on input pin "Q[27]"
    Warning (15610): No output dependent on input pin "Q[28]"
    Warning (15610): No output dependent on input pin "Q[29]"
    Warning (15610): No output dependent on input pin "Q[30]"
    Warning (15610): No output dependent on input pin "Q[31]"
    Warning (15610): No output dependent on input pin "Q[32]"
    Warning (15610): No output dependent on input pin "Q[33]"
    Warning (15610): No output dependent on input pin "Q[34]"
    Warning (15610): No output dependent on input pin "Q[35]"
    Warning (15610): No output dependent on input pin "Q[36]"
    Warning (15610): No output dependent on input pin "Q[37]"
    Warning (15610): No output dependent on input pin "Q[38]"
    Warning (15610): No output dependent on input pin "Q[39]"
    Warning (15610): No output dependent on input pin "Q[40]"
    Warning (15610): No output dependent on input pin "Q[0]"
    Warning (15610): No output dependent on input pin "P[0]"
    Warning (15610): No output dependent on input pin "P[1]"
    Warning (15610): No output dependent on input pin "P[40]"
    Warning (15610): No output dependent on input pin "P[2]"
    Warning (15610): No output dependent on input pin "P[3]"
    Warning (15610): No output dependent on input pin "P[4]"
    Warning (15610): No output dependent on input pin "P[5]"
    Warning (15610): No output dependent on input pin "P[6]"
    Warning (15610): No output dependent on input pin "P[7]"
    Warning (15610): No output dependent on input pin "P[8]"
    Warning (15610): No output dependent on input pin "P[9]"
    Warning (15610): No output dependent on input pin "P[10]"
    Warning (15610): No output dependent on input pin "P[11]"
    Warning (15610): No output dependent on input pin "P[12]"
    Warning (15610): No output dependent on input pin "P[13]"
    Warning (15610): No output dependent on input pin "P[14]"
    Warning (15610): No output dependent on input pin "P[15]"
    Warning (15610): No output dependent on input pin "P[16]"
    Warning (15610): No output dependent on input pin "P[17]"
    Warning (15610): No output dependent on input pin "P[18]"
    Warning (15610): No output dependent on input pin "P[19]"
    Warning (15610): No output dependent on input pin "P[20]"
    Warning (15610): No output dependent on input pin "P[21]"
    Warning (15610): No output dependent on input pin "P[22]"
    Warning (15610): No output dependent on input pin "P[23]"
    Warning (15610): No output dependent on input pin "P[24]"
    Warning (15610): No output dependent on input pin "P[25]"
    Warning (15610): No output dependent on input pin "P[26]"
    Warning (15610): No output dependent on input pin "P[27]"
    Warning (15610): No output dependent on input pin "P[28]"
    Warning (15610): No output dependent on input pin "P[29]"
    Warning (15610): No output dependent on input pin "P[30]"
    Warning (15610): No output dependent on input pin "P[31]"
    Warning (15610): No output dependent on input pin "P[32]"
    Warning (15610): No output dependent on input pin "P[33]"
    Warning (15610): No output dependent on input pin "P[34]"
    Warning (15610): No output dependent on input pin "P[35]"
    Warning (15610): No output dependent on input pin "P[36]"
    Warning (15610): No output dependent on input pin "P[37]"
    Warning (15610): No output dependent on input pin "P[38]"
    Warning (15610): No output dependent on input pin "P[39]"
Info: Implemented 162 device resources after synthesis - the final resource count might be different
    Info: Implemented 87 input pins
    Info: Implemented 75 output pins
Info: Quartus II Analysis & Synthesis was successful. 0 errors, 197 warnings
    Info: Peak virtual memory: 250 megabytes
    Info: Processing ended: Sat Nov 25 20:11:30 2023
    Info: Elapsed time: 00:00:02
    Info: Total CPU time (on all processors): 00:00:03


